
===== Running longbench_long_context_pressure (zipcache_13600mb_longbench_long_context_pressure) =====
[1/32] long_context_hotpotqa_0000_r0 ok
[2/32] long_context_qasper_0001_r0 ok
[3/32] long_context_hotpotqa_0005_r0 ok
[4/32] long_context_hotpotqa_0014_r0 ok
[5/32] long_context_qasper_0000_r0 ok
[6/32] long_context_hotpotqa_0001_r0 ok
[7/32] long_context_hotpotqa_0013_r0 ok
[8/32] long_context_qasper_0002_r0 ok
[9/32] long_context_hotpotqa_0008_r0 ok
[10/32] long_context_hotpotqa_0002_r0 ok
[11/32] long_context_hotpotqa_0016_r0 ok
[12/32] long_context_hotpotqa_0007_r0 ok
[13/32] long_context_hotpotqa_0006_r0 ok
[14/32] long_context_hotpotqa_0003_r0 ok
[15/32] long_context_hotpotqa_0009_r0 ok
[16/32] long_context_hotpotqa_0004_r0 ok
[17/32] long_context_hotpotqa_0010_r0 ok
[18/32] long_context_hotpotqa_0017_r0 ok
[19/32] long_context_2wikimqa_0000_r0 ok
[20/32] long_context_2wikimqa_0002_r0 ok
[21/32] long_context_hotpotqa_0011_r0 ok
[22/32] long_context_hotpotqa_0015_r0 ok
[23/32] long_context_hotpotqa_0012_r0 ok
[24/32] long_context_2wikimqa_0001_r0 ok
[25/32] long_context_2wikimqa_0003_r0 ok
[26/32] long_context_2wikimqa_0005_r0 ok
[27/32] long_context_passage_retrieval_en_0002_r0 ok
[28/32] long_context_passage_retrieval_en_0000_r0 ok
[29/32] long_context_passage_retrieval_en_0001_r0 ok
[30/32] long_context_qasper_0003_r0 ok
[31/32] long_context_2wikimqa_0004_r0 ok
[32/32] long_context_passage_retrieval_en_0004_r0 ok
{
  "num_requests": 32,
  "num_ok": 32,
  "num_failed": 0,
  "total_wall_time_s": 40.08372139930725,
  "request_throughput_rps": 0.7983290693302005,
  "output_chunk_throughput_cps": 203.57391267920113,
  "output_chunks": 8160,
  "ttft_avg_s": 2.6609724073205143,
  "ttft_p50_s": 2.7199027873575687,
  "ttft_p90_s": 4.1033535078167915,
  "ttft_p99_s": 5.220830719918013,
  "e2e_avg_s": 10.01936876180116,
  "e2e_p50_s": 9.594257034361362,
  "e2e_p90_s": 12.621973305940628,
  "e2e_p99_s": 12.628109391778708,
  "tpot_avg_s": 0.02897006438771908,
  "tpot_p50_s": 0.029190315080322618,
  "tpot_p90_s": 0.03574030519294457,
  "tpot_p99_s": 0.0400758853812856,
  "finish_reasons": {
    "stop": 32
  },
  "num_reached_max_tokens": 0,
  "gpu_samples": 57,
  "gpu_memory_used_mb_min": 43705,
  "gpu_memory_used_mb_max": 44249,
  "gpu_memory_used_mb_avg": 44170.929824561405
}

===== Parsing ZipCache stats =====
{
  "num_stats": 3,
  "versions": [
    "ZipCacheV3"
  ],
  "last": {
    "num_demotions": 52,
    "num_demote_failures": 0,
    "num_compressed_entries": 52,
    "num_compressed_hits": 32,
    "num_restore_attempts": 32,
    "num_restore_success": 32,
    "num_restore_fallback": 0,
    "num_compressed_freed": 0,
    "num_temporary_restore_pages": 400,
    "num_restore_pages_released": 400,
    "num_restore_rejected_small_prefix": 0,
    "original_estimated_bytes": 22429532160,
    "compressed_estimated_bytes_4bit": 4924222848,
    "compressed_storage_bytes": 4924222848,
    "active_original_estimated_bytes": 22429532160,
    "active_compressed_estimated_bytes_4bit": 4924222848,
    "active_compressed_storage_bytes": 4924222848,
    "last_estimated_compression_ratio": 3.710144927536232,
    "last_storage_compression_ratio": 3.710144927536232,
    "num_demote_rejected_pool_full": 0,
    "active_estimated_compression_ratio": 4.554938485188557,
    "active_storage_compression_ratio": 4.554938485188557,
    "gpu_memory_allocated_bytes": 44682275840,
    "gpu_memory_reserved_bytes": 45829062656,
    "gpu_max_memory_allocated_bytes": 45084713984,
    "gpu_max_memory_reserved_bytes": 45829062656,
    "compressed_pool_capacity_bytes": 14260633600,
    "compressed_pool_used_bytes": 4924222848,
    "compressed_pool_free_bytes": 9336410752,
    "compressed_pool_utilization": 0.3453018278234145,
    "compressed_pool_q_used_bytes": 4486146048,
    "compressed_pool_q4_used_bytes": 3364909056,
    "compressed_pool_q2_used_bytes": 1121236992,
    "compressed_pool_scale_used_bytes": 350461440,
    "compressed_pool_ids_used_bytes": 87615360,
    "compressed_pool_q4_capacity_bytes": 9412018176,
    "compressed_pool_q2_capacity_bytes": 3137339392,
    "compressed_pool_scale_capacity_bytes": 1283457024,
    "compressed_pool_ids_capacity_bytes": 427819008,
    "normal_pool_capacity_bytes": 13861011456,
    "estimated_effective_kv_capacity_bytes": 78817320263.81303,
    "estimated_capacity_gain_vs_normal_pool": 5.686260379627309,
    "_zipcache_version": "ZipCacheV3"
  },
  "max_active_compression_ratio": 4.554938485188557,
  "last_active_compression_ratio": 4.554938485188557,
  "max_active_original_estimated_bytes": 22429532160,
  "max_active_compressed_estimated_bytes": 4924222848,
  "max_num_compressions_or_demotions": 52,
  "max_num_decompressions_or_restores": 32
}

All experiments finished. Report: /root/autodl-tmp/miniSGLang/experiment/logs/bench_8b_20260914_161559/zipcache_13600mb_longbench_long_context_pressure/20260914_164008_zipcache_13600mb_longbench_long_context_pressure/report.md
